╭─  Conversations  ────────────────────────────────────────────────────╮
│  No items                                                            │
│                                                                      │
│No items.                                                             │
│                                                                      │
│                                                                      │
│                                                                      │
│                                                                      │
│                                                                      │
│                                                                      │
│                                                                      │
│                                                                      │
│                                                                      │
│                                                                      │
│                                                                      │
│                                                                      │
│                                                                      │
│                                                                      │
│                                                                      │
│                                                                      │
│                                                                      │
│                                                                      │
│                                                                      │
│                                                                      │
│                                                                      │
╰──────────────────────────────────────────────────────────────────────╯
 f filter  S stats  enter open  r resume  ? help  q quit     0 sessions 
                                                                        