╭─  Claude Sessions  ──────────────────────────────────────────────────╮
│  No items                                                            │
│                                                                      │
│No items.                                                             │
│                                                                      │
│                                                                      │
│                                                                      │
│                                                                      │
│                                                                      │
│                                                                      │
│                                                                      │
│                                                                      │
│                                                                      │
│                                                                      │
│                                                                      │
│                                                                      │
│                                                                      │
│                                                                      │
│                                                                      │
│                                                                      │
│                                                                      │
│                                                                      │
│                                                                      │
│                                                                      │
│                                                                      │
╰──────────────────────────────────────────────────────────────────────╯
 j/k move  gg top  G bottom  ctrl+f/b page  / s… [METADATA]  0 sessions 
                                                                        