                                                                                                                        
                                                                                                                        
                                                                                                                        
                                                                                                                        
                                                                                                                        
                                                                                                                        
                                                                                                                        
                                                                                                                        
                                                                                                                        
                                                                                                                        
                                                                                                                        
                ╭─  Import Workspace  ─────────────────────────────────────────────────────────────────╮                
                │                                                                                      │                
                │  Ready to Import   review complete; import and local store rebuild are required      │                
                │ Claude ~/source                                                                      │                
                │ Archive ~/archive                                                                    │                
                │ Config not found — press c to create                                                 │                
                │ Sources 1  Files 1  Conversations 1                                                  │                
                │ New 1  Update 0  Current 0                                                           │                
                │                                                                                      │                
                │                                                                                      │                
                │            Local store rebuild required before deep search is available.             │                
                │     Will import 1 archive files and rebuild the local store after confirmation.      │                
                │                          Press Enter to import and rebuild                           │                
                │                                                                                      │                
                ╰──────────────────────────────────────────────────────────────────────────────────────╯                
                                                                                                                        
                                                                                                                        
                                                                                                                        
                                                                                                                        
                                                                                                                        
                                                                                                                        
                                                                                                                        
                                                                                                                        
                                                                                                                        
                                                                                                                        
                                                                                                                        
                                                                                                                        
 enter import  c configure  ? help  q quit                                                                              
                                                                                                                        