                                                                                                                        
                                                                                                                        
                                                                                                                        
                                                                                                                        
                                                                                                                        
                                                                                                                        
                                                                                                                        
                                                                                                                        
                                                                                                                        
                                                                                                                        
                                                                                                                        
                                                                                                                        
                ╭─  Import Workspace  ─────────────────────────────────────────────────────────────────╮                
                │                                                                                      │                
                │  Complete   import finished and refreshed the local store                            │                
                │ Source ~/source                                                                      │                
                │ Archive ~/archive                                                                    │                
                │ Projects 1  Files 1  Conversations 1                                                 │                
                │ Copied 1  Failed 0  Elapsed 0s                                                       │                
                │                                                                                      │                
                │                                                                                      │                
                │                                   Import complete.                                   │                
                │                               Press Enter to continue                                │                
                │                                                                                      │                
                ╰──────────────────────────────────────────────────────────────────────────────────────╯                
                                                                                                                        
                                                                                                                        
                                                                                                                        
                                                                                                                        
                                                                                                                        
                                                                                                                        
                                                                                                                        
                                                                                                                        
                                                                                                                        
                                                                                                                        
                                                                                                                        
                                                                                                                        
                                                                                                                        
 enter continue  ? help  q quit                                                                                         
                                                                                                                        