                                                                                                                        
                                                                                                                        
                                                                                                                        
                                                                                                                        
                                                                                                                        
                                                                                                                        
                                                                                                                        
                                                                                                                        
                                                                                                                        
                                                                                                                        
                                                                                                                        
                                                                                                                        
                ╭─  Import Workspace  ─────────────────────────────────────────────────────────────────╮                
                │                                                                                      │                
                │  Complete   import finished and is ready to continue                                 │                
                │ Source                                                                               │                
                │ /var/folders/yh/h7qvnyzn72x_q3mlljbjvp800000gn/T/TestScenarioImportOverviewD…        │                
                │ Archive                                                                              │                
                │ /var/folders/yh/h7qvnyzn72x_q3mlljbjvp800000gn/T/TestScenarioImportOverview…         │                
                │ Projects 1  Files 1  Conversations 1                                                 │                
                │ Copied 1  Failed 0  Elapsed 0s                                                       │                
                │                                                                                      │                
                │ Import complete.                                                                     │                
                │ Press Enter to continue                                                              │                
                │                                                                                      │                
                ╰──────────────────────────────────────────────────────────────────────────────────────╯                
                                                                                                                        
                                                                                                                        
                                                                                                                        
                                                                                                                        
                                                                                                                        
                                                                                                                        
                                                                                                                        
                                                                                                                        
                                                                                                                        
                                                                                                                        
                                                                                                                        
                                                                                                                        
 enter continue  ? help  q quit                                                                                    done 
                                                                                                                        