╭─  Conversations  ────────────────────────────────────────────────────╮
│  No items                                                            │
│                                                                      │
│No items.                                                             │
│                                                                      │
│                                                                      │
│                                                                      │
│                                                                      │
│                                                                      │
│                                                                      │
│                                                                      │
│                                                                      │
│                                                                      │
│                                                                      │
│                                                                      │
│                                                                      │
│                                                                      │
│                                                                      │
│                                                                      │
│                                                                      │
│                                                                      │
│                                                                      │
│                                                                      │
│                                                                      │
│                                                                      │
╰──────────────────────────────────────────────────────────────────────╯
 / search  f filter  enter open  r resume  ? help  q quit    0 sessions 
                                                                        